MAP
    NAME USA2
    STATUS ON
    IMAGETYPE PNG
    SIZE 800 500
    IMAGECOLOR 240 240 240
    SHAPEPATH "/home/nazgul/public_html/sahana-main/sahana-phase2/mod/gis/data/"
    EXTENT -8000000 300000 5000000 1500000
    UNITS METERS
    PROJECTION
		"proj=lcc" "lat_1=32" "lat_2=44" "lat_0=38" "lon_0=-100" "x_0=0" "y_0=0" "ellps=GRS80" "datum=NAD83"
    END
    WEB
		IMAGEPATH "/home/nazgul/public_html/sahana-main/sahana-phase2/www/tmp/"
		IMAGEURL "/~nazgul/sahana-main/sahana-phase2/www/tmp/"
    END

	LEGEND
		STATUS EMBED
		POSITION UR
	END

	SCALEBAR
		TRANSPARENT ON
		BACKGROUNDCOLOR 254 254 254
		STATUS EMBED
		POSITION LR
		STYLE 1
	END

	LAYER
		NAME "US time zones"
		TYPE POLYGON
		STATUS ON
		DATA "timeznp020"
		PROJECTION
			"proj=latlong"
			"ellps=GRS80"
			"datum=NAD83"
		END
		CLASSITEM 'SYMBOL'
			# SYMBOL needs single quotes because it's both a field name in the shapefile and a keyword for .MAP files
			CLASS
				COLOR 0 255 0
				SYMBOL 0
				EXPRESSION "AT"
				NAME "Atlantic"
			END
			CLASS
				COLOR 255 0 0
				SYMBOL 0
				EXPRESSION "EA"
				NAME "Eastern"
			END
			CLASS
				COLOR 255 156 156
				SYMBOL 0
				EXPRESSION "EAno"
				NAME "Eastern (no DST)"
			END
			CLASS
				COLOR 255 0 255
				SYMBOL 0
				EXPRESSION "CE"
				NAME "Central"
			END
			CLASS
				COLOR 0 255 255 
				SYMBOL 0
				EXPRESSION "MO"
				NAME "Mountain"
			END
			CLASS
				COLOR 185 255 255
				SYMBOL 0
				EXPRESSION "MOno"
				NAME "Mountain (no DST)"
			END
			CLASS
				COLOR 255 255 0
				SYMBOL 0
				EXPRESSION "PA"
				NAME "Pacific"
			END
			CLASS
				COLOR 0 0 0
				SYMBOL 0
				EXPRESSION "HAno"
				NAME "Hawaii (no DST)"
			END
			CLASS
				COLOR 0 0 255
				SYMBOL 0
				EXPRESSION "AL"
				NAME "Alaska"
			END
		END

		LAYER
			NAME "US state boundaries"
			TYPE LINE
			STATUS ON
			DATA "statesp020"
			PROJECTION
				"proj=latlong"
				"ellps=GRS80"
				"datum=NAD83"
			END
			CLASS
				OUTLINECOLOR 60 60 60
				SYMBOL 0
			END
		END

		LAYER
			NAME "credits"
			STATUS DEFAULT
			TRANSFORM FALSE
			TYPE ANNOTATION
			FEATURE
				POINTS
					10 480
				END
				TEXT 'Made with Mapserver.'
			END
			CLASS
				LABEL
					TYPE BITMAP
					POSITION CR
					COLOR 0 0 0
				END
			END
		END


END
